src/app/(customer)/dashboard/page.tsx(15,55): error TS2339: Property 'id' does not exist on type 'never'.
src/app/(customer)/dashboard/page.tsx(34,27): error TS2339: Property 'id' does not exist on type 'never'.
src/app/(customer)/dashboard/page.tsx(36,48): error TS2339: Property 'title' does not exist on type 'never'.
src/app/(customer)/dashboard/page.tsx(38,61): error TS2339: Property 'status' does not exist on type 'never'.
src/app/(customer)/dashboard/page.tsx(38,102): error TS2339: Property 'created_at' does not exist on type 'never'.
src/app/(customer)/dashboard/page.tsx(41,43): error TS2339: Property 'id' does not exist on type 'never'.
src/app/(customer)/reports/[id]/page.tsx(26,32): error TS2339: Property 'id' does not exist on type 'never'.
src/app/(customer)/reports/[id]/page.tsx(26,65): error TS2339: Property 'is_unlocked' does not exist on type 'never'.
src/app/(customer)/reports/[id]/page.tsx(29,29): error TS2339: Property 'is_unlocked' does not exist on type 'never'.
src/app/(customer)/reports/[id]/page.tsx(30,33): error TS2339: Property 'option_data' does not exist on type 'never'.
src/app/(customer)/reports/[id]/page.tsx(33,28): error TS2339: Property 'is_unlocked' does not exist on type 'never'.
src/app/(customer)/reports/[id]/page.tsx(40,25): error TS2339: Property 'is_unlocked' does not exist on type 'never'.
src/app/(customer)/reports/[id]/page.tsx(42,33): error TS2339: Property 'option_data' does not exist on type 'never'.
src/app/(customer)/reports/[id]/page.tsx(44,84): error TS2339: Property 'option_data' does not exist on type 'never'.
src/app/(customer)/reports/[id]/page.tsx(59,80): error TS2339: Property 'price_cents' does not exist on type 'never'.
src/app/(customer)/reports/[id]/page.tsx(63,78): error TS2339: Property 'id' does not exist on type 'never'.
src/app/(customer)/requests/new/actions.ts(32,26): error TS2339: Property 'id' does not exist on type 'never'.
src/app/(customer)/requests/new/actions.ts(35,5): error TS2740: Type '{ budget: string; timeline: string; specificRequirements: string; }' is missing the following properties from type '{ budget_min?: number | undefined; budget_max?: number | undefined; preferred_brands?: string | undefined; preferred_models?: string | undefined; preferred_specs?: string | undefined; ... 10 more ...; notes?: string | undefined; }': allow_alternatives, condition_preference, urgency_level, knows_market_price, and 3 more.
src/app/(staff)/queue/page.tsx(31,25): error TS7006: Parameter 'job' implicitly has an 'any' type.
src/app/(staff)/workspace/[request_id]/actions.ts(12,35): error TS2554: Expected 1 arguments, but got 2.
src/app/(staff)/workspace/[request_id]/page.tsx(10,33): error TS2339: Property 'researchRuns' does not exist on type '{ request: any; preferences: any; researchItems: any; shortlist: any; }'.
src/app/(staff)/workspace/[request_id]/page.tsx(67,34): error TS7006: Parameter 'run' implicitly has an 'any' type.
src/app/(staff)/workspace/[request_id]/page.tsx(95,30): error TS7006: Parameter 'item' implicitly has an 'any' type.
src/lib/agents/research/run-online-research.ts(33,7): error TS2345: Argument of type '{ researchRunId: any; title: string; url: string; snippet: string; sourceMetadata: { relevance_score: number; }; }[]' is not assignable to parameter of type '{ id?: string | undefined; research_run_id: string; request_id: string; source_name: string; source_type?: string | undefined; listing_url?: string | null | undefined; option_label?: string | null | undefined; ... 20 more ...; updated_at?: string | undefined; }[]'.
  Type '{ researchRunId: any; title: string; url: string; snippet: string; sourceMetadata: { relevance_score: number; }; }' is missing the following properties from type '{ id?: string | undefined; research_run_id: string; request_id: string; source_name: string; source_type?: string | undefined; listing_url?: string | null | undefined; option_label?: string | null | undefined; ... 20 more ...; updated_at?: string | undefined; }': research_run_id, request_id, source_name, product_title
src/lib/agents/research/run-online-research.ts(34,28): error TS2339: Property 'id' does not exist on type 'never'.
src/lib/agents/research/run-online-research.ts(43,53): error TS2339: Property 'id' does not exist on type 'never'.
src/lib/agents/research/run-online-research.ts(45,40): error TS2339: Property 'id' does not exist on type 'never'.
src/lib/auth/roles.ts(14,18): error TS2339: Property 'is_active' does not exist on type 'never'.
src/lib/dal/reports.ts(38,73): error TS2345: Argument of type '{ p_report_option_snapshot_id: string; }' is not assignable to parameter of type 'undefined'.
src/lib/dal/requests.ts(33,6): error TS2769: No overload matches this call.
  Overload 1 of 2, '(values: never, options?: { count?: "exact" | "planned" | "estimated" | undefined; } | undefined): PostgrestFilterBuilder<{ PostgrestVersion: "12"; }, never, never, null, "requests", never, "POST">', gave the following error.
    Argument of type '{ customer_id: string; title: string; current_status: string; source_channel: string; }' is not assignable to parameter of type 'never'.
  Overload 2 of 2, '(values: never[], options?: { count?: "exact" | "planned" | "estimated" | undefined; defaultToNull?: boolean | undefined; } | undefined): PostgrestFilterBuilder<{ PostgrestVersion: "12"; }, never, never, null, "requests", never, "POST">', gave the following error.
    Object literal may only specify known properties, and 'customer_id' does not exist in type 'never[]'.
src/lib/dal/requests.ts(48,6): error TS2769: No overload matches this call.
  Overload 1 of 2, '(values: never, options?: { count?: "exact" | "planned" | "estimated" | undefined; } | undefined): PostgrestFilterBuilder<{ PostgrestVersion: "12"; }, never, never, null, "request_preferences", never, "POST">', gave the following error.
    Argument of type '{ request_id: any; budget_min: number | null; budget_max: number | null; preferred_brands: string | null; preferred_models: string | null; preferred_specs: string | null; allow_alternatives: boolean; ... 9 more ...; notes: string | null; }' is not assignable to parameter of type 'never'.
  Overload 2 of 2, '(values: never[], options?: { count?: "exact" | "planned" | "estimated" | undefined; defaultToNull?: boolean | undefined; } | undefined): PostgrestFilterBuilder<{ PostgrestVersion: "12"; }, never, never, null, "request_preferences", never, "POST">', gave the following error.
    Object literal may only specify known properties, and 'request_id' does not exist in type 'never[]'.
src/lib/dal/requests.ts(49,27): error TS2339: Property 'id' does not exist on type 'never'.
src/lib/dal/requests.ts(83,82): error TS2345: Argument of type '{ p_request_id: string; p_note: string | null; p_force: boolean; p_actor_user_id: string | null; }' is not assignable to parameter of type 'undefined'.
src/lib/dal/research.ts(31,5): error TS2698: Spread types may only be created from object types.
src/lib/dal/research.ts(92,13): error TS2769: No overload matches this call.
  Overload 1 of 2, '(values: never, options?: { count?: "exact" | "planned" | "estimated" | undefined; } | undefined): PostgrestFilterBuilder<{ PostgrestVersion: "12"; }, never, never, null, "research_runs", never, "POST">', gave the following error.
    Argument of type '{ id?: string | undefined; request_id: string; job_id?: string | null | undefined; run_kind?: string | undefined; status?: string | undefined; search_scope?: string | undefined; query_text?: string | ... 1 more ... | undefined; ... 5 more ...; updated_at?: string | undefined; }' is not assignable to parameter of type 'never'.
  Overload 2 of 2, '(values: never[], options?: { count?: "exact" | "planned" | "estimated" | undefined; defaultToNull?: boolean | undefined; } | undefined): PostgrestFilterBuilder<{ PostgrestVersion: "12"; }, never, never, null, "research_runs", never, "POST">', gave the following error.
    Argument of type '{ id?: string | undefined; request_id: string; job_id?: string | null | undefined; run_kind?: string | undefined; status?: string | undefined; search_scope?: string | undefined; query_text?: string | ... 1 more ... | undefined; ... 5 more ...; updated_at?: string | undefined; }' is not assignable to parameter of type 'never[]'.
      Type '{ id?: string | undefined; request_id: string; job_id?: string | null | undefined; run_kind?: string | undefined; status?: string | undefined; search_scope?: string | undefined; query_text?: string | ... 1 more ... | undefined; ... 5 more ...; updated_at?: string | undefined; }' is missing the following properties from type 'never[]': length, pop, push, concat, and 35 more.
src/lib/dal/research.ts(110,13): error TS2769: No overload matches this call.
  Overload 1 of 2, '(values: never, options?: { count?: "exact" | "planned" | "estimated" | undefined; } | undefined): PostgrestFilterBuilder<{ PostgrestVersion: "12"; }, never, never, null, "research_items", never, "POST">', gave the following error.
    Argument of type '{ id?: string | undefined; research_run_id: string; request_id: string; source_name: string; source_type?: string | undefined; listing_url?: string | null | undefined; option_label?: string | null | undefined; ... 20 more ...; updated_at?: string | undefined; }[]' is not assignable to parameter of type 'never'.
  Overload 2 of 2, '(values: never[], options?: { count?: "exact" | "planned" | "estimated" | undefined; defaultToNull?: boolean | undefined; } | undefined): PostgrestFilterBuilder<{ PostgrestVersion: "12"; }, never, never, null, "research_items", never, "POST">', gave the following error.
    Argument of type '{ id?: string | undefined; research_run_id: string; request_id: string; source_name: string; source_type?: string | undefined; listing_url?: string | null | undefined; option_label?: string | null | undefined; ... 20 more ...; updated_at?: string | undefined; }[]' is not assignable to parameter of type 'never[]'.
      Type '{ id?: string | undefined; research_run_id: string; request_id: string; source_name: string; source_type?: string | undefined; listing_url?: string | null | undefined; option_label?: string | null | undefined; ... 20 more ...; updated_at?: string | undefined; }' is not assignable to type 'never'.
src/lib/dal/staff.ts(9,68): error TS2345: Argument of type '{ p_job_id: string; p_actor_user_id: string | null; }' is not assignable to parameter of type 'undefined'.
src/lib/dal/staff.ts(29,84): error TS2345: Argument of type '{ p_job_id: string; p_output_payload: {}; p_output_summary: string | null; p_actor_user_id: string | null; }' is not assignable to parameter of type 'undefined'.
src/lib/dal/staff.ts(51,71): error TS2345: Argument of type '{ p_job_id: string; p_output_payload: {}; p_output_summary: string | null; p_actor_user_id: string | null; }' is not assignable to parameter of type 'undefined'.
src/lib/dal/staff.ts(72,67): error TS2345: Argument of type '{ p_job_id: string; p_error_message: string; p_actor_user_id: string | null; }' is not assignable to parameter of type 'undefined'.
src/lib/dal/staff.ts(94,82): error TS2345: Argument of type '{ p_request_id: string; p_report_id: string; p_max_options: number; p_note: string | null; p_actor_user_id: string | null; }' is not assignable to parameter of type 'undefined'.
src/lib/dal/staff.ts(116,80): error TS2345: Argument of type '{ p_request_id: string; p_note: string | null; p_actor_user_id: string | null; }' is not assignable to parameter of type 'undefined'.
src/lib/dal/staff.ts(275,6): error TS2769: No overload matches this call.
  Overload 1 of 2, '(values: never, options?: { count?: "exact" | "planned" | "estimated" | undefined; } | undefined): PostgrestFilterBuilder<{ PostgrestVersion: "12"; }, never, never, null, "request_candidate_shortlists", never, "POST">', gave the following error.
    Argument of type '{ request_id: string; candidate_channel: string; research_item_id: string | null; merchant_quote_id: string | null; selected_by_user_id: string | null; ranking_position: number; ... 9 more ...; is_active: boolean; }' is not assignable to parameter of type 'never'.
  Overload 2 of 2, '(values: never[], options?: { count?: "exact" | "planned" | "estimated" | undefined; defaultToNull?: boolean | undefined; } | undefined): PostgrestFilterBuilder<{ PostgrestVersion: "12"; }, never, never, null, "request_candidate_shortlists", never, "POST">', gave the following error.
    Object literal may only specify known properties, and 'request_id' does not exist in type 'never[]'.
